[waimai.jinyouapp.com/index.html]
[backblue.gif]
[fade.gif]
[index.html]
[oto.jinyouapp.com/ac618_com/css/style.css]
[oto.jinyouapp.com/ac618_com/js/jquery.js]
[oto.jinyouapp.com/ac618_com/js/lib.js]
[waimai.jinyouapp.com/jingjia/wm.html]
[waimai.jinyouapp.com/jingjia/xy.html]
[waimai.jinyouapp.com/jingjia/md.html]
[waimai.jinyouapp.com/jingjia/tc.html]
[waimai.jinyouapp.com/jingjia/sx.html]
[waimai.jinyouapp.com/jingjia/gj.html]
[waimai.jinyouapp.com/jingjia/xcx.html]
[oto.jinyouapp.com/ac618_com/images/b-bg1.jpg]
[oto.jinyouapp.com/ac618_com/images/bn2.jpg]
[oto.jinyouapp.com/ac618_com/images/b-bgqj.png]
[oto.jinyouapp.com/ac618_com/images/bn4.jpg]
[waimai.jinyouapp.com/wm/sxwm.html]
[oto.jinyouapp.com/ac618_com/images/bn3.jpg]
[waimai.jinyouapp.com/wm/xywm.html]
[oto.jinyouapp.com/ac618_com/picture/i-o2o-1.png]
[waimai.jinyouapp.com/wm/tcwm.html]
[oto.jinyouapp.com/ac618_com/picture/i-o2o-tc.png]
[oto.jinyouapp.com/ac618_com/picture/i-o2o-4.png]
[waimai.jinyouapp.com/wm/gjwm.html]
[oto.jinyouapp.com/ac618_com/picture/i-o2o-hw.png]
[waimai.jinyouapp.com/wm/mdwm.html]
[oto.jinyouapp.com/ac618_com/picture/i-o2o-md.png]
[oto.jinyouapp.com/ac618_com/picture/p-r2-5.png]
[oto.jinyouapp.com/ac618_com/picture/p-r2-6.png]
[oto.jinyouapp.com/ac618_com/picture/p-r2-7.png]
[oto.jinyouapp.com/ac618_com/picture/p-r2-8.png]
[oto.jinyouapp.com/ac618_com/picture/p-r2-9.png]
[oto.jinyouapp.com/ac618_com/picture/p-r2-10.png]
[oto.jinyouapp.com/ac618_com/picture/j-p1.png]
[oto.jinyouapp.com/ac618_com/picture/j-p12.png]
[oto.jinyouapp.com/ac618_com/picture/j-p13.png]
[oto.jinyouapp.com/ac618_com/picture/j-p14.png]
[oto.jinyouapp.com/ac618_com/picture/j-p15.png]
[oto.jinyouapp.com/ac618_com/picture/j-p16.png]
[oto.jinyouapp.com/ac618_com/picture/j-p17.png]
[oto.jinyouapp.com/ac618_com/picture/j-p18.png]
[oto.jinyouapp.com/ac618_com/picture/j-p19.png]
[oto.jinyouapp.com/ac618_com/picture/j-p20.png]
[oto.jinyouapp.com/ac618_com/picture/j-p21.png]
[oto.jinyouapp.com/ac618_com/picture/j-p22.png]
[oto.jinyouapp.com/ac618_com/picture/j-p23.png]
[oto.jinyouapp.com/ac618_com/picture/j-p24.png]
[oto.jinyouapp.com/ac618_com/picture/j-p25.png]
[waimai.jinyouapp.com/wm/wmxcx.html]
[oto.jinyouapp.com/ac618_com/picture/j-p3.png]
[oto.jinyouapp.com/ac618_com/picture/j-p4.png]
[oto.jinyouapp.com/ac618_com/picture/j-p5.png]
[oto.jinyouapp.com/ac618_com/picture/j-p6.png]
[oto.jinyouapp.com/ac618_com/picture/j-p7.png]
[oto.jinyouapp.com/ac618_com/picture/j-p8.png]
[oto.jinyouapp.com/ac618_com/picture/j-p2.png]
[oto.jinyouapp.com/ac618_com/picture/j-p9.png]
[oto.jinyouapp.com/ac618_com/picture/j-p10.png]
[oto.jinyouapp.com/ac618_com/picture/j-p11.png]
[oto.jinyouapp.com/ac618_com/picture/j-p1112.png]
[oto.jinyouapp.com/ac618_com/picture/j-p1113.png]
[oto.jinyouapp.com/ac618_com/picture/j-p1114.png]
[oto.jinyouapp.com/ac618_com/picture/j-p1115.png]
[oto.jinyouapp.com/ac618_com/picture/j-p1116.png]
[oto.jinyouapp.com/ac618_com/picture/j-p1117.png]
[oto.jinyouapp.com/ac618_com/images/i-sale-1.png]
[oto.jinyouapp.com/ac618_com/images/i-sale-2.png]
[oto.jinyouapp.com/ac618_com/images/i-sale-3.png]
[oto.jinyouapp.com/ac618_com/images/i-sale-4.png]
[oto.jinyouapp.com/ac618_com/images/i-sale-5.png]
[oto.jinyouapp.com/ac618_com/images/i-sale-6.png]
[oto.jinyouapp.com/ac618_com/picture/p-r7-2.png]
[oto.jinyouapp.com/ac618_com/picture/face2.jpg]
[oto.jinyouapp.com/ac618_com/picture/p-r7-1.png]
[oto.jinyouapp.com/ac618_com/picture/face1.jpg]
[oto.jinyouapp.com/ac618_com/picture/p-r7-4.jpg]
[oto.jinyouapp.com/ac618_com/picture/face4.jpg]
[oto.jinyouapp.com/ac618_com/picture/p-r7-3.png]
[oto.jinyouapp.com/ac618_com/picture/face3.jpg]
[oto.jinyouapp.com/ac618_com/picture/p-r7-6.png]
[oto.jinyouapp.com/ac618_com/picture/face6.jpg]
[oto.jinyouapp.com/ac618_com/picture/p-r7-5.jpg]
[oto.jinyouapp.com/ac618_com/picture/face5.jpg]
[waimai.jinyouapp.com/cases/cases.html]
[www.ac618.com/uploadfile/202004/175b5bf916e229b.jpg]
[www.ac618.com/uploadfile/202004/00072835e3f7bd1.jpg]
[www.ac618.com/uploadfile/202004/ffb84dc5b7ba8d6.jpg]
[oto.jinyouapp.com/ac618_com/picture/qr.jpg]
[waimai.jinyouapp.com/jingjia/sqtg.html]
[waimai.jinyouapp.com/jingjia/pt.html]
[oto.jinyouapp.com/ac618_com/o2o/images/tabbar-f01.png]
[oto.jinyouapp.com/ac618_com/o2o/images/tabbar-f02.png]
[oto.jinyouapp.com/ac618_com/o2o/images/tabbar-f03.png]
[oto.jinyouapp.com/ac618_com/o2o/images/tabbar-f04.png]
[oto.jinyouapp.com/ac618_com/css/slick.css]
[waimai.jinyouapp.com/index.html]
[oto.jinyouapp.com/ac618_com/js/slick.min.js]
[oto.jinyouapp.com/ac618_com/images/bg-btn.jpg]
[oto.jinyouapp.com/ac618_com/images/i-new.png]
[oto.jinyouapp.com/ac618_com/images/i-dian.png]
[oto.jinyouapp.com/ac618_com/images/i-dian-on.png]
[oto.jinyouapp.com/ac618_com/images/bg-1.png]
[oto.jinyouapp.com/ac618_com/images/bg-2.jpg]
[oto.jinyouapp.com/ac618_com/images/bgq3.jpg]
[oto.jinyouapp.com/ac618_com/images/i-java-1.png]
[oto.jinyouapp.com/ac618_com/images/i-java-2.png]
[oto.jinyouapp.com/ac618_com/images/i-java-3.png]
[oto.jinyouapp.com/ac618_com/images/i-java-4.png]
[oto.jinyouapp.com/ac618_com/images/i-java-5.png]
[oto.jinyouapp.com/ac618_com/images/i-java-6.png]
[oto.jinyouapp.com/ac618_com/images/i-mar-1.png]
[oto.jinyouapp.com/ac618_com/images/i-mar-01.png]
[oto.jinyouapp.com/ac618_com/images/i-mar-2.png]
[oto.jinyouapp.com/ac618_com/images/i-mar-02.png]
[oto.jinyouapp.com/ac618_com/images/i-mar-3.png]
[oto.jinyouapp.com/ac618_com/images/i-mar-03.png]
[oto.jinyouapp.com/ac618_com/images/i-mar-4.png]
[oto.jinyouapp.com/ac618_com/images/i-mar-04.png]
[oto.jinyouapp.com/ac618_com/images/i-mar-5.png]
[oto.jinyouapp.com/ac618_com/images/i-mar-05.png]
[oto.jinyouapp.com/ac618_com/images/i-mar-6.png]
[oto.jinyouapp.com/ac618_com/images/i-mar-06.png]
[oto.jinyouapp.com/ac618_com/images/i-mar-7.png]
[oto.jinyouapp.com/ac618_com/images/i-mar-07.png]
[oto.jinyouapp.com/ac618_com/images/i-mar-8.png]
[oto.jinyouapp.com/ac618_com/images/i-mar-08.png]
[oto.jinyouapp.com/ac618_com/images/i-mar-9.png]
[oto.jinyouapp.com/ac618_com/images/i-mar-09.png]
[oto.jinyouapp.com/ac618_com/images/i-mar-10.png]
[oto.jinyouapp.com/ac618_com/images/i-mar-010.png]
[oto.jinyouapp.com/ac618_com/images/i-mar-11.png]
[oto.jinyouapp.com/ac618_com/images/i-mar-011.png]
[oto.jinyouapp.com/ac618_com/images/i-mar-12.png]
[oto.jinyouapp.com/ac618_com/images/i-mar-012.png]
[oto.jinyouapp.com/ac618_com/images/i-mar-13.png]
[oto.jinyouapp.com/ac618_com/images/i-mar-013.png]
[oto.jinyouapp.com/ac618_com/images/i-mar-14.png]
[oto.jinyouapp.com/ac618_com/images/i-mar-014.png]
[oto.jinyouapp.com/ac618_com/images/i-mar-15.png]
[oto.jinyouapp.com/ac618_com/images/i-mar-015.png]
[oto.jinyouapp.com/ac618_com/images/i-mar-16.png]
[oto.jinyouapp.com/ac618_com/images/i-mar-016.png]
[oto.jinyouapp.com/ac618_com/images/i-per-1.png]
[oto.jinyouapp.com/ac618_com/images/wmxttb1.png]
[oto.jinyouapp.com/ac618_com/images/i-per-2.png]
[oto.jinyouapp.com/ac618_com/images/wmxttb2.png]
[oto.jinyouapp.com/ac618_com/images/i-per-3.png]
[oto.jinyouapp.com/ac618_com/images/wmxttb3.png]
[oto.jinyouapp.com/ac618_com/images/i-per-4.png]
[oto.jinyouapp.com/ac618_com/images/wmxttb4.png]
[oto.jinyouapp.com/ac618_com/images/i-per-5.png]
[oto.jinyouapp.com/ac618_com/images/wmxttb5.png]
[oto.jinyouapp.com/ac618_com/images/i-per-6.png]
[oto.jinyouapp.com/ac618_com/images/i-per-7.png]
[oto.jinyouapp.com/ac618_com/images/i-per-8.png]
[oto.jinyouapp.com/ac618_com/images/i-per-9.png]
[oto.jinyouapp.com/ac618_com/images/i-per-10.png]
[oto.jinyouapp.com/ac618_com/images/i-per-11.png]
[oto.jinyouapp.com/ac618_com/images/i-per-12.png]
[oto.jinyouapp.com/ac618_com/images/i-per-13.png]
[oto.jinyouapp.com/ac618_com/images/i-per-14.png]
[oto.jinyouapp.com/ac618_com/images/i-per-15.png]
[oto.jinyouapp.com/ac618_com/images/i-per-16.png]
[oto.jinyouapp.com/ac618_com/css/style.css]
[oto.jinyouapp.com/ac618_com/css/style_1.css]
[oto.jinyouapp.com/ac618_com/picture/p-r2-55.png]
[oto.jinyouapp.com/ac618_com/picture/p-r2-66.png]
[oto.jinyouapp.com/ac618_com/picture/p-r2-77.png]
[oto.jinyouapp.com/ac618_com/picture/p-r2-88.png]
[oto.jinyouapp.com/ac618_com/picture/p-r2-99.png]
[oto.jinyouapp.com/ac618_com/picture/p-r2-ddd.png]
[oto.jinyouapp.com/ac618_com/picture/p-r2-123.png]
[oto.jinyouapp.com/ac618_com/picture/zybglhtyd.png]
[oto.jinyouapp.com/ac618_com/images/zybtb1.png]
[oto.jinyouapp.com/ac618_com/images/zybtb2.png]
[oto.jinyouapp.com/ac618_com/images/zybtb3.png]
[oto.jinyouapp.com/ac618_com/images/zybtb4.png]
[oto.jinyouapp.com/ac618_com/images/zybtb5.png]
[oto.jinyouapp.com/ac618_com/images/zybtb6.png]
[oto.jinyouapp.com/ac618_com/images/zybtb7.png]
[oto.jinyouapp.com/ac618_com/images/zybtb8.png]
[oto.jinyouapp.com/ac618_com/images/zybtb9.png]
[oto.jinyouapp.com/ac618_com/images/zybtb10.png]
[oto.jinyouapp.com/ac618_com/images/zybtb11.png]
[oto.jinyouapp.com/ac618_com/images/zybtb12.png]
[oto.jinyouapp.com/ac618_com/picture/p-r2-dd.png]
[oto.jinyouapp.com/ac618_com/images/zybtb13.png]
[oto.jinyouapp.com/ac618_com/images/zybtb14.png]
[oto.jinyouapp.com/ac618_com/images/zybtb15.png]
[oto.jinyouapp.com/ac618_com/images/zybtb16.png]
[oto.jinyouapp.com/ac618_com/images/zybtb17.png]
[oto.jinyouapp.com/ac618_com/images/zybtb18.png]
[oto.jinyouapp.com/ac618_com/picture/p-r2-1234.png]
[oto.jinyouapp.com/ac618_com/images/zybtb19.png]
[oto.jinyouapp.com/ac618_com/images/zybtb20.png]
[oto.jinyouapp.com/ac618_com/images/zybtb21.png]
[oto.jinyouapp.com/ac618_com/images/zybtb22.png]
[oto.jinyouapp.com/ac618_com/images/zybtb23.png]
[oto.jinyouapp.com/ac618_com/images/zybtb24.png]
[zz.bdstatic.com/linksubmit/push.js]
[push.zhanzhang.baidu.com/push.js]
[waimai.jinyouapp.com/jingjia/wm.html]
[hm.baidu.com/hm6554.js]
[oto.jinyouapp.com/ac618_com/images/xywmb-bg1.jpg]
[oto.jinyouapp.com/ac618_com/picture/xyd1.png]
[oto.jinyouapp.com/ac618_com/picture/xyd2.png]
[oto.jinyouapp.com/ac618_com/picture/wmxttb11.png]
[oto.jinyouapp.com/ac618_com/picture/wmxttb12.png]
[oto.jinyouapp.com/ac618_com/picture/wmxttb13.png]
[oto.jinyouapp.com/ac618_com/picture/wmxttb14.png]
[oto.jinyouapp.com/ac618_com/picture/wmxttb15.png]
[oto.jinyouapp.com/ac618_com/images/xywmfw1.png]
[oto.jinyouapp.com/ac618_com/images/xywmfw2.png]
[oto.jinyouapp.com/ac618_com/images/xywmfw3.png]
[oto.jinyouapp.com/ac618_com/images/xywmfw4.png]
[oto.jinyouapp.com/ac618_com/images/xywmfw5.png]
[oto.jinyouapp.com/ac618_com/images/xywmfw6.png]
[waimai.jinyouapp.com/jingjia/xy.html]
[oto.jinyouapp.com/ac618_com/images/hwbbj.jpg]
[oto.jinyouapp.com/ac618_com/images/sqtgtb7.png]
[oto.jinyouapp.com/ac618_com/images/sqtgtb8.png]
[oto.jinyouapp.com/ac618_com/images/fwys3.png]
[oto.jinyouapp.com/ac618_com/images/fwys4.png]
[oto.jinyouapp.com/ac618_com/images/mdwmbanner.jpg]
[oto.jinyouapp.com/ac618_com/picture/mdwmzd.png]
[oto.jinyouapp.com/ac618_com/picture/mdwmzd1.png]
[oto.jinyouapp.com/ac618_com/images/mdwmtb1.png]
[oto.jinyouapp.com/ac618_com/images/mdwmtb2.png]
[oto.jinyouapp.com/ac618_com/images/mdwmtb3.png]
[oto.jinyouapp.com/ac618_com/images/mdwmtb4.png]
[oto.jinyouapp.com/ac618_com/images/mdwmtb5.png]
[oto.jinyouapp.com/ac618_com/images/mdwmtb6.png]
[oto.jinyouapp.com/ac618_com/picture/mdwmtb13.png]
[oto.jinyouapp.com/ac618_com/images/mdwmtb7.png]
[oto.jinyouapp.com/ac618_com/images/mdwmtb8.png]
[oto.jinyouapp.com/ac618_com/images/mdwmtb9.png]
[oto.jinyouapp.com/ac618_com/images/mdwmtb10.png]
[oto.jinyouapp.com/ac618_com/images/mdwmtb11.png]
[oto.jinyouapp.com/ac618_com/images/mdwmtb12.png]
[waimai.jinyouapp.com/jingjia/md.html]
[oto.jinyouapp.com/ac618_com/images/fwys1.png]
[oto.jinyouapp.com/ac618_com/images/fwys2.png]
[oto.jinyouapp.com/ac618_com/images/tcwm.jpg]
[oto.jinyouapp.com/ac618_com/picture/tcsjdc.png]
[oto.jinyouapp.com/ac618_com/picture/tcwmdc1.png]
[oto.jinyouapp.com/ac618_com/picture/tcpt.png]
[oto.jinyouapp.com/ac618_com/picture/tcpt1.png]
[oto.jinyouapp.com/ac618_com/picture/tcxx.png]
[oto.jinyouapp.com/ac618_com/picture/tcxx1.png]
[oto.jinyouapp.com/ac618_com/picture/tcsx.png]
[oto.jinyouapp.com/ac618_com/picture/tcsx1.png]
[oto.jinyouapp.com/ac618_com/picture/tctg.png]
[oto.jinyouapp.com/ac618_com/picture/tctg1.png]
[oto.jinyouapp.com/ac618_com/picture/tcwmzd.png]
[oto.jinyouapp.com/ac618_com/picture/tcwmzd1.png]
[oto.jinyouapp.com/ac618_com/picture/wmpttb1.png]
[oto.jinyouapp.com/ac618_com/picture/wmpttb2.png]
[oto.jinyouapp.com/ac618_com/picture/tcxxzd.png]
[oto.jinyouapp.com/ac618_com/picture/tcxxzd1.png]
[oto.jinyouapp.com/ac618_com/images/tcwmwm.png]
[oto.jinyouapp.com/ac618_com/images/tcczcz.png]
[oto.jinyouapp.com/ac618_com/images/tcqzzp.png]
[oto.jinyouapp.com/ac618_com/images/tcjzsm.png]
[oto.jinyouapp.com/ac618_com/images/tcesjy.png]
[oto.jinyouapp.com/ac618_com/images/tcptpt.png]
[waimai.jinyouapp.com/jingjia/tc.html]
[oto.jinyouapp.com/ac618_com/js/lsjs.js]
[oto.jinyouapp.com/ac618_com/images/sxgn8.png]
[oto.jinyouapp.com/ac618_com/images/sxgn9.png]
[oto.jinyouapp.com/ac618_com/images/sxgn10.png]
[oto.jinyouapp.com/ac618_com/images/sxgn11.png]
[oto.jinyouapp.com/ac618_com/images/sxgn12.png]
[oto.jinyouapp.com/ac618_com/images/sxgn13.png]
[oto.jinyouapp.com/ac618_com/images/sxbn.jpg]
[oto.jinyouapp.com/ac618_com/picture/sxzd.png]
[oto.jinyouapp.com/ac618_com/picture/sxzd2.png]
[oto.jinyouapp.com/ac618_com/images/sxgn2.png]
[oto.jinyouapp.com/ac618_com/images/sxgn3.png]
[oto.jinyouapp.com/ac618_com/images/sxgn4.png]
[oto.jinyouapp.com/ac618_com/images/sxgn5.png]
[oto.jinyouapp.com/ac618_com/images/sxgn6.png]
[oto.jinyouapp.com/ac618_com/picture/sxgn14.png]
[oto.jinyouapp.com/ac618_com/picture/sxgn15.png]
[waimai.jinyouapp.com/jingjia/lists_tags.118.delayed]
[waimai.jinyouapp.com/jingjia/sx.html]
[oto.jinyouapp.com/ac618_com/images/hwbbn.jpg]
[oto.jinyouapp.com/ac618_com/picture/hwbzd.png]
[oto.jinyouapp.com/ac618_com/picture/hwwmydd.png]
[oto.jinyouapp.com/ac618_com/images/hwgn1.png]
[oto.jinyouapp.com/ac618_com/images/hwgn2.png]
[oto.jinyouapp.com/ac618_com/images/hwgn3.png]
[oto.jinyouapp.com/ac618_com/images/hwgn4.png]
[oto.jinyouapp.com/ac618_com/images/hwgn5.png]
[oto.jinyouapp.com/ac618_com/images/hwgn6.png]
[waimai.jinyouapp.com/jingjia/gj.html]
[oto.jinyouapp.com/ac618_com/images/wmxcxzt.png]
[oto.jinyouapp.com/ac618_com/picture/wmxcxzd.png]
[oto.jinyouapp.com/ac618_com/picture/wmxcxzd1.png]
[oto.jinyouapp.com/ac618_com/picture/wmxcxgn1.png]
[oto.jinyouapp.com/ac618_com/picture/wmxcxgn2.png]
[oto.jinyouapp.com/ac618_com/picture/wmxcxgn3.png]
[oto.jinyouapp.com/ac618_com/images/wmxcxgna1.png]
[oto.jinyouapp.com/ac618_com/images/wmxcxgna2.png]
[oto.jinyouapp.com/ac618_com/images/wmxcxgna3.png]
[oto.jinyouapp.com/ac618_com/images/wmxcxgna4.png]
[oto.jinyouapp.com/ac618_com/images/wmxcxgna5.png]
[oto.jinyouapp.com/ac618_com/images/wmxcxgna6.png]
[oto.jinyouapp.com/ac618_com/picture/wmxcxbj1.png]
[oto.jinyouapp.com/ac618_com/picture/p-r8-2.jpg]
[oto.jinyouapp.com/ac618_com/picture/p-r8-3.jpg]
[waimai.jinyouapp.com/jingjia/xcx.html]
[waimai.jinyouapp.com/wm/sxwm.html]
[waimai.jinyouapp.com/wm/xywm.html]
[waimai.jinyouapp.com/wm/tcwm.html]
[waimai.jinyouapp.com/wm/gjwm.html]
[waimai.jinyouapp.com/wm/mdwm.html]
[waimai.jinyouapp.com/wm/wmxcx.html]
[waimai.jinyouapp.com/cases/cases.html]
[oto.jinyouapp.com/ac618_com/images/sqtgzt.png]
[oto.jinyouapp.com/ac618_com/picture/sqtgzt1.png]
[oto.jinyouapp.com/ac618_com/picture/sqtgzt2.png]
[oto.jinyouapp.com/ac618_com/picture/sqtgtb9.png]
[oto.jinyouapp.com/ac618_com/images/sqtgtb1.png]
[oto.jinyouapp.com/ac618_com/images/sqtgtb2.png]
[oto.jinyouapp.com/ac618_com/images/sqtgtb3.png]
[oto.jinyouapp.com/ac618_com/images/sqtgtb4.png]
[oto.jinyouapp.com/ac618_com/images/sqtgtb5.png]
[oto.jinyouapp.com/ac618_com/images/sqtgtb6.png]
[waimai.jinyouapp.com/jingjia/sqtg.html]
[oto.jinyouapp.com/ac618_com/images/pttb1.png]
[oto.jinyouapp.com/ac618_com/images/pttb2.png]
[oto.jinyouapp.com/ac618_com/images/pttb3.png]
[oto.jinyouapp.com/ac618_com/images/pttb4.png]
[oto.jinyouapp.com/ac618_com/images/pttb5.png]
[oto.jinyouapp.com/ac618_com/images/pttb6.png]
[oto.jinyouapp.com/ac618_com/images/pttb7.png]
[oto.jinyouapp.com/ac618_com/images/pttb8.png]
[oto.jinyouapp.com/ac618_com/images/pttb9.png]
[oto.jinyouapp.com/ac618_com/images/pttb10.png]
[oto.jinyouapp.com/ac618_com/images/pttb11.png]
[oto.jinyouapp.com/ac618_com/images/pttb12.png]
[oto.jinyouapp.com/ac618_com/images/pttb13.png]
[oto.jinyouapp.com/ac618_com/images/pttb14.png]
[oto.jinyouapp.com/ac618_com/images/pttb15.png]
[oto.jinyouapp.com/ac618_com/images/pttb16.png]
[oto.jinyouapp.com/ac618_com/images/pttb17.png]
[oto.jinyouapp.com/ac618_com/images/pttb18.png]
[oto.jinyouapp.com/ac618_com/images/pttb19.png]
[oto.jinyouapp.com/ac618_com/images/pttb20.png]
[oto.jinyouapp.com/ac618_com/images/wmptbanner.png]
[oto.jinyouapp.com/ac618_com/picture/ptywlc.png]
[waimai.jinyouapp.com/jingjia/pt.html]
[oto.jinyouapp.com/ac618_com/css/tabbar.css]
[oto.jinyouapp.com/ac618_com/css/slick.css]
[oto.jinyouapp.com/ac618_com/images/icon06-q.png]
[oto.jinyouapp.com/ac618_com/images/icon2-q.png]
[oto.jinyouapp.com/ac618_com/images/icon5-q.png]
[oto.jinyouapp.com/ac618_com/images/pic1-q.png]
[oto.jinyouapp.com/ac618_com/images/icon7.png]
[oto.jinyouapp.com/ac618_com/images/icon11.png]
[oto.jinyouapp.com/ac618_com/images/cptj.png]
[oto.jinyouapp.com/ac618_com/images/icon10.png]
[oto.jinyouapp.com/ac618_com/images/icon14.png]
[oto.jinyouapp.com/ac618_com/images/icon6-q.png]
[oto.jinyouapp.com/ac618_com/images/icon7-q.png]
[oto.jinyouapp.com/ac618_com/images/icon8-q.png]
[oto.jinyouapp.com/ac618_com/css/style_1.css]
[zz.bdstatic.com/linksubmit/push.js]
[waimai.jinyouapp.com/jingjia/lists_tags.html]
[sp0.baidu.com/9_Q4simg2RQJ8t7jm9iCKT-xh_/s.gif]
